[?25l[?2004h 🤖 Machinator    Agent: CoderAgent    Cycle: 0    ⏸ Paused                                                             
╭──────────────────────────────╮╭──────────────────────────────╮╭────────────────────────────────────────────────────╮  
│                              ││                              ││                                                    │  
│ zzz CoderAgent               ││ zzz CoderAgent-2             ││ 📊 Quotas                                          │  
│                              ││                              ││  Loading...                                        │  
│ (no task)                    ││ (no task)                    ││                                                    │  
│                              ││                              ││                                                    │  
│                              ││                              ││                                                    │  
╰──────────────────────────────╯╰──────────────────────────────╯│                                                    │  
╭──────────────────────────────╮                                │                                                    │  
│                              │                                │                                                    │  
│ zzz CoderAgent-3             │                                │                                                    │  
│                              │                                │                                                    │  
│ (no task)                    │                                │                                                    │  
│                              │                                │                                                    │  
│                              │                                │                                                    │  
╰──────────────────────────────╯                                │                                                    │  
╭──────────────────────────────╮╭──────────────────────────────────────────────────────────────────────────────────────╮
│                              ││                                                                                      │
│ 📋 Tasks (0)                 ││                     ╭────────────────────╮                                           │
│                              ││ 🤖 Agent Activity   │ Show: All ▼        │                                           │
│                              ││                     ╰────────────────────╯                                           │
│                              ││                                                                                      │
│                              ││                                                                                      │
│                              ││                                                                                      │
│                              ││                                                                                      │
│                              ││                                                                                      │
│                              ││                                                                                      │
│                              ││                                                                                      │
│                              ││                                                                                      │
│                              ││                                                                                      │
│                              ││                                                                                      │
│                              ││                                                                                      │
│                              ││                                                                                      │
│                              ││                                                                                      │
│                              ││                                                                                      │
│                              ││                                                                                      │
   s: resume      x: stop      e: execute      +/-: agents      q: quit      ?: help                                    
                                                                                                                        
                                                                                                                        [2K[?2004l[?25h[?1002l[?1003l[?1006l