[?25l[?2004h 🤖 Machinator    Agent: CoderAgent    Cycle: 0    ⏸ Paused                                                             
╭──────────────────────────────╮╭────────────────────────────────────────────────────────────────────────────────────╮  
│                              ││                                                                                    │  
│ zzz CoderAgent               ││ 📊 Quotas                                                                          │  
│                              ││                           half                                                     │  
│ (no task)                    ││ gemini-3-flash-preview ♥♥♥♥♥♥♥♥♥♥ █████░░░░░  50%                                  │  
│                              ││   gemini-3-pro-preview ♥♥♥♥♥♥♥♥♥♥ █████░░░░░  50%                                  │  
│                              ││                                                                                    │  
╰──────────────────────────────╯│                                                                                    │  
╭──────────────────────────────╮╭──────────────────────────────────────────────────────────────────────────────────────╮
│                              ││                                                                                      │
│ 📋 Tasks (0)                 ││                     ╭────────────────────╮                                           │
│                              ││ 🤖 Agent Activity   │ Show: All ▼        │                                           │
│                              ││                     ╰────────────────────╯                                           │
│                              ││                                                                                      │
│                              ││                                                                                      │
│                              ││                                                                                      │
│                              ││                                                                                      │
│                              ││                                                                                      │
│                              ││                                                                                      │
│                              ││                                                                                      │
│                              ││                                                                                      │
│                              ││                                                                                      │
│                              ││                                                                                      │
│                              ││                                                                                      │
│                              ││                                                                                      │
│                              ││                                                                                      │
│                              ││                                                                                      │
│                              ││                                                                                      │
│                              ││                                                                                      │
│                              ││                                                                                      │
│                              ││                                                                                      │
│                              ││                                                                                      │
│                              ││                                                                                      │
│                              ││                                                                                      │
 ╭──────────────╮╭─────────────╮╭────────────╮╭────────────────╮╭─────────────────╮╭────────────╮╭────────────╮         
 │  s  ▶ resume ││  p  ⏸ pause ││  x  ⏹ stop ││  e  ⚡ execute ││  +/-  🤖 agents ││  q  ⏻ quit ││  ?  ? help │         
 ╰──────────────╯╰─────────────╯╰────────────╯╰────────────────╯╰─────────────────╯╰────────────╯╰────────────╯         
                                                                                                                        
                                                                                                                        [2K[?2004l[?25h[?1002l[?1003l[?1006l