[?25l[?2004h╭────────────────────────────────────────╮╭──────────────────────────────────────────────────────────────────────────╮  
│                                        ││                                                                          │  
│ zzz Gemini-01                          ││ 📊 Quotas                                                                │  
│                                        ││                   full                                                   │  
│ (no task)                              ││      flash ♥♥♥♥♥ █████ 100%                                              │  
│                                        ││        pro ♥♥♥♥♥ █████ 100%                                              │  
│                                        ││                                                                          │  
╰────────────────────────────────────────╯│                                                                          │  
╭──────────────────────────────╮╭──────────────────────────────────────────────────────────────────────────────────────╮
│                              ││                                                                                      │
│ 📋 Tasks (0)                 ││                     ╭────────────────────╮                                           │
│                              ││ 🤖 Agent Activity   │ Show: All ▼        │                                           │
│                              ││                     ╰────────────────────╯                                           │
│                              ││                                                                                      │
│                              ││                                                                                      │
│                              ││                                                                                      │
│                              ││                                                                                      │
│                              ││                                                                                      │
│                              ││                                                                                      │
│                              ││                                                                                      │
│                              ││                                                                                      │
│                              ││                                                                                      │
│                              ││                                                                                      │
│                              ││                                                                                      │
│                              ││                                                                                      │
│                              ││                                                                                      │
│                              ││                                                                                      │
│                              ││                                                                                      │
│                              ││                                                                                      │
│                              ││                                                                                      │
│                              ││                                                                                      │
│                              ││                                                                                      │
│                              ││                                                                                      │
│                              ││                                                                                      │
────────────────────────────────────────────────────────────────────────────────────────────────────────────────────────
                                                                                                                        
 ╭──────────────╮╭─────────────╮╭────────────╮╭────────────────╮╭─────────────────╮╭────────────╮╭────────────╮         
 │  s  ▶ resume ││  p  ⏸ pause ││  x  ⏹ stop ││  e  ⚡ execute ││  +/-  🤖 agents ││  q  ⏻ quit ││  ?  ? help │         
 ╰──────────────╯╰─────────────╯╰────────────╯╰────────────────╯╰─────────────────╯╰────────────╯╰────────────╯         
                                                                                                                        [2K[?2004l[?25h[?1002l[?1003l[?1006l