[?25l[?2004h Idle                                                                                                                   
╭──────────────────────────────╮╭────────────────────────────────────────────────────────────────────────────────────╮  
│                              ││                                                                                    │  
│ zzz CoderAgent               ││ 📊 Quotas                                                                          │  
│                              ││                           flash   │    pro                                         │  
│ (no task)                    ││ gemini-3-flash-preview ♥♥♥♥♥♥♥♥♥♥ ████████░░  80%│♥♥♥♥♥♥♥♥♥♥ ██████████ 100%       │  
│                              ││   gemini-3-pro-preview ♥♥♥♥♥♥♥♥♥♥ █████░░░░░  50%│♥♥♥♥♥♥♥♥♥♥ ██░░░░░░░░  20%       │  
│                              ││                                                                                    │  
╰──────────────────────────────╯│                                                                                    │  
╭──────────────────────────────╮╭──────────────────────────────────────────────────────────────────────────────────────╮
│                              ││                                                                                      │
│ 📋 Tasks (2)                 ││                     ╭────────────────────╮                                           │
│                              ││ 🤖 Agent Activity   │ Show: All ▼        │                                           │
│   ⚡ 1                       ││                     ╰────────────────────╯                                           │
│   ⏸ 2                        ││                                                                                      │
│                              ││   💭 Initializing orchestrator...                                                    │
│                              ││   📁 Project root: /Users/bryantinsley/Code/machinator                               │
│                              ││   💭 Initializing orchestrator...                                                    │
│                              ││   📁 Project root: /Users/bryantinsley/Code/machinator                               │
│                              ││                                                                                      │
│                              ││                                                                                      │
│                              ││                                                                                      │
│                              ││                                                                                      │
│                              ││                                                                                      │
│                              ││                                                                                      │
│                              ││                                                                                      │
│                              ││                                                                                      │
│                              ││                                                                                      │
│                              ││                                                                                      │
│                              ││                                                                                      │
│                              ││                                                                                      │
│                              ││                                                                                      │
│                              ││                                                                                      │
│                              ││                                                                                      │
────────────────────────────────────────────────────────────────────────────────────────────────────────────────────────
                                                                                                                        
 ╭─────────────╮╭─────────────╮╭────────────╮╭────────────────╮╭─────────────────╮╭────────────╮╭────────────╮          
 │  s  ▶ start ││  p  ⏸ pause ││  x  ⏹ stop ││  e  ⚡ execute ││  +/-  🤖 agents ││  q  ⏻ quit ││  ?  ? help │          
 ╰─────────────╯╰─────────────╯╰────────────╯╰────────────────╯╰─────────────────╯╰────────────╯╰────────────╯          
                                                                                                                        [2K[?2004l[?25h[?1002l[?1003l[?1006l