[?25l[?2004h 🤖 Machinator    Agent: CoderAgent    Cycle: 0    Idle                                                                 
╭──────────────────────────────╮╭────────────────────────────────────────────────────────────────────────────────────╮  
│                              ││                                                                                    │  
│ zzz CoderAgent               ││ 📊 Quotas                                                                          │  
│                              ││  Loading...                                                                        │  
│ (no task)                    ││                                                                                    │  
│                              ││                                                                                    │  
│                              ││                                                                                    │  
╰──────────────────────────────╯│                                                                                    │  
╭──────────────────────────────╮╭──────────────────────────────────────────────────────────────────────────────────────╮
│                              ││                                                                                      │
│ 📋 Tasks (0)                 ││                     ╭────────────────────╮                                           │
│                              ││ 🤖 Agent Activity   │ Show: All ▼        │                                           │
│                              ││                     ╰────────────────────╯                                           │
│                              ││                                                                                      │
│                              ││                                                                                      │
│                              ││                                                                                      │
│                              ││                                                                                      │
│                              ││                                                                                      │
│                              ││                                                                                      │
│                              ││                                                                                      │
│                              ││                                                                                      │
│                              ││                                                                                      │
│                              ││                                                                                      │
│                              ││                                                                                      │
│                              ││                                                                                      │
│                              ││                                                                                      │
│                              ││                                                                                      │
│                              ││                                                                                      │
│                              ││                                                                                      │
│                              ││                                                                                      │
│                              ││                                                                                      │
│                              ││                                                                                      │
│                              ││                                                                                      │
│                              ││                                                                                      │
│                              ││                                                                                      │
│                              ││                                                                                      │
   p: pause      x: stop      e: execute      +/-: agents      q: quit      ?: help                                     
                                                                                                                        
                                                                                                                        [2K[?2004l[?25h[?1002l[?1003l[?1006l