[?25l[?2004h                                                                                                                        
                                                                                                                        
                                                                                                                        
                                                                                                                        
                                                                                                                        
                                                                                                                        
                                                                                                                        
                                                                                                                        
                                                                                                                        
                                                                                                                        
                                                                                                                        
                                                                                                                        
                                                                                                                        
                                                                                                                        
                                                                                                                        
                                                                                                                        
                             ╭────────────────────────────────────────────────────────────╮                             
                             │                                                            │                             
                             │                                                            │                             
                             │               🔍 Checking for Gemini CLI...                │                             
                             │                                                            │                             
                             │                                                            │                             
                             ╰────────────────────────────────────────────────────────────╯                             
                                                                                                                        
                                                                                                                        
                                                                                                                        
                                                                                                                        
                                                                                                                        
                                                                                                                        
                                                                                                                        
                                                                                                                        
                                                                                                                        
                                                                                                                        
                                                                                                                        
                                                                                                                        
                                                                                                                        
                                                                                                                        
                                                                                                                        
                                                                                                                        
                                                                                                                        [2K[?2004l[?25h[?1002l[?1003l[?1006l