[yellow]⏸ PAUSED[-]

[cyan]Quota[-]
────────────────────────────────────────
[gray]No quota data[-]

[cyan]Beads[-]
────────────────────────────────────────
[gray]No tasks[-]

[cyan]Agents[-]
────────────────────────────────────────
0/0 agents active

[#CC99FF]Git Commits[-]
────────────────────────────────────────
[gray]No commits[-]
