[yellow]⏸ PAUSED[-]

[cyan]Quota[-]
────────────────────────────────────────
[gray]No quota data[-]

[cyan]Beads[-]
────────────────────────────────────────
ready:[green]1[-] assigned:[blue]1[-]
blocked:[yellow]1[-] closed:[gray]0[-]

[cyan]Agents[-]
────────────────────────────────────────
0/0 agents active

[#CC99FF]Git Commits[-]
────────────────────────────────────────
[gray]No commits[-]
