[?25l[?2004h│                                      ││  No recent activity                  │
│  Paste Gemini API Key                ││                                      │
│                                      ││                                      │
│  ┌─────────────────────────────────  ││                                      │
│  ──┐                                 ││                                      │
│  │ AIza....2345█                     ││                                      │
│  │                                   ││                                      │
│  └─────────────────────────────────  ││                                      │
│  ──┘                                 ││                                      │
│                                      ││                                      │
│                                      ││                                      │
│                                      ││                                      │
│    Save      Cancel                  ││                                      │
│                                      │╰──────────────────────────────────────╯
╰──────────────────────────────────────╯                                        
╭──────────────────────────────────────╮                                        
│                                      │                                        
│  👩‍⚕️ Doctinator                       │                                        
│                                      │                                        
│    ○ Gemini CLI (checking...)        │                                        
│                                      │                                        
│                                      │                                        
╰──────────────────────────────────────╯                                        
                                                                          Exit  [2K[?2004l[?25h[?1002l[?1003l[?1006l