[?25l[?2004h  █  ▐▛▀▚▖▝▚▄▄▖    ▐▌  ▐▌         ▐▛▀▚▖█ █   █        ▐▌  ▀▄▄▄▀ █    ┏━┓┏━╸╺┳╸╻ 
  █  ▐▌ ▐▌         ▐▌  ▐▌         ▐▌ ▐▌█              ▐▌             ┗━┓┣╸  ┃ ┃ 
                                                      ▐▌             ┗━┛┗━╸ ╹ ┗━
╭──────────────────────────────────────╮╭──────────────────────────────────────╮
│                                      ││                                      │
│  👥 Manage Accounts                  ││  Status                              │
│                                      ││                                      │
│  ▸ ✓ default (api_key)               ││  No recent activity                  │
│    ✗ secondary (google)              ││                                      │
│                                      ││                                      │
│    Press 'a' to Add Account          ││                                      │
│                                      ││                                      │
│  Esc to back                         ││                                      │
│                                      ││                                      │
╰──────────────────────────────────────╯│                                      │
╭──────────────────────────────────────╮│                                      │
│                                      ││                                      │
│  👩‍⚕️ Doctinator                       ││                                      │
│                                      ││                                      │
│    Checking...                       ││                                      │
│                                      │╰──────────────────────────────────────╯
│                                      │                                        
╰──────────────────────────────────────╯                                        
                                                                          Exit  [2K[?2004l[?25h[?1002l[?1003l[?1006l