[?25l[?2004h                                                                                
                                                                                
              ╔══════════════════════════════════════════════════╗              
              ║                                                  ║              
              ║               ⌨ Keyboard Shortcuts               ║              
              ║                                                  ║              
              ║                      ? : Toggle help             ║              
              ║                     q/x : Quit/Exit              ║              
              ║                 r : Run selected project         ║              
              ║                a : Add new project/account       ║              
              ║            d : Delete selected project/account   ║              
              ║                r : Rename selected account       ║              
              ║              ↑/↓/k/j : Navigate lists            ║              
              ║                Enter : Select/Confirm            ║              
              ║                    Esc : Back/Cancel             ║              
              ║                   Tab : Switch focus             ║              
              ║                 ctrl+c : Force quit              ║              
              ║                                                  ║              
              ║             Press any key to dismiss             ║              
              ║                                                  ║              
              ╚══════════════════════════════════════════════════╝              
                                                                                
                                                                                
                                                                                [2K[?2004l[?25h[?1002l[?1003l[?1006l