[?25l[?2004h│                                      ││  No recent activity                  │
│  Google OAuth Setup                  ││                                      │
│                                      ││                                      │
│  Account created! To authenticate,   ││                                      │
│  run:                                ││                                      │
│                                      ││                                      │
│                                      ││                                      │
│                                      ││                                      │
│  HOME=/Users/bryantinsley/.machinat  ││                                      │
│  or/accounts/test-acc gemini auth    ││                                      │
│                                      ││                                      │
│                                      ││                                      │
│    Done                              ││                                      │
│                                      │╰──────────────────────────────────────╯
╰──────────────────────────────────────╯                                        
╭──────────────────────────────────────╮                                        
│                                      │                                        
│  👩‍⚕️ Doctinator                       │                                        
│                                      │                                        
│    ○ Gemini CLI (checking...)        │                                        
│                                      │                                        
│                                      │                                        
╰──────────────────────────────────────╯                                        
                                                                          Exit  [2K[?2004l[?25h[?1002l[?1003l[?1006l