[?25l[?2004h╭──────────────────────────────────────╮╭──────────────────────────────────────╮
│                                      ││                                      │
│  🔧 Machinator Setup                 ││  Status                              │
│                                      ││                                      │
│  No /tmp/.machinator directory       ││  No recent activity                  │
│  found.                              ││                                      │
│                                      ││                                      │
│                                      ││                                      │
│  Create directory and install        ││                                      │
│  custom Gemini CLI?                  ││                                      │
│                                      ││                                      │
│                              [Y]es   ││                                      │
│  [N]o                                ││                                      │
│                                      ││                                      │
╰──────────────────────────────────────╯│                                      │
╭──────────────────────────────────────╮│                                      │
│                                      ││                                      │
│  👩‍⚕️ Doctinator                       │╰──────────────────────────────────────╯
│                                      │                                        
│    Checking...                       │                                        
│                                      │                                        
│                                      │                                        
╰──────────────────────────────────────╯                                        
                                                                          Exit  [2K[?2004l[?25h[?1002l[?1003l[?1006l