[?25l[?2004h│  https://github.com/test/repo        ││  No recent activity                  │
│                                      ││                                      │
│                                      ││                                      │
│  Branch                              ││                                      │
│  ╭────────────────────╮              ││                                      │
│  │ Branch: main ▼     │              ││                                      │
│  ╰────────────────────╯              ││                                      │
│                                      ││                                      │
│  ╭──────╮                            ││                                      │
│  │ Back │                            ││                                      │
│  ╰──────╯                            ││                                      │
│                                      ││                                      │
╰──────────────────────────────────────╯│                                      │
╭──────────────────────────────────────╮╰──────────────────────────────────────╯
│                                      │                                        
│  👩‍⚕️ Doctinator                       │                                        
│                                      │                                        
│    ○ Gemini CLI (checking...)        │                                        
│                                      │                                        
│                                      │                                        
╰──────────────────────────────────────╯                                        
                                                                        ╭──────╮
                                                                        │ Exit │
                                                                        ╰──────╯[2K[?2004l[?25h[?1002l[?1003l[?1006l