[?25l[?2004h                                                                                
                                                                                
                                                                                
                                                                                
         ╔════════════════════════════════════════════════════════════╗         
         ║                                                            ║         
         ║   Test Project  NO BEADS                                   ║         
         ║                                                            ║         
         ║   ▸ Name: Test Project                                     ║         
         ║     Repository: git@github.com:test/repo.git               ║         
         ║     Agents: 1                                              ║         
         ║     Root Dir: /Users/bryantinsley/.machinator/projects/1   ║         
         ║                                                            ║         
         ║     Beads: not configured                                  ║         
         ║                                                            ║         
         ║     Open      Delete      Back                             ║         
         ║                                                            ║         
         ║    (c) copy path                                           ║         
         ║                                                            ║         
         ╚════════════════════════════════════════════════════════════╝         
                                                                                
                                                                                
                                                                                
                                                                                [2K[?2004l[?25h[?1002l[?1003l[?1006l