[?25l[?2004h│                                      ││  No recent activity                  │
│  Account Name                        ││                                      │
│                                      ││                                      │
│  ┌─────────────────────────────────  ││                                      │
│  ──┐                                 ││                                      │
│  │ new-account█                      ││                                      │
│  │                                   ││                                      │
│  └─────────────────────────────────  ││                                      │
│  ──┘                                 ││                                      │
│                                      ││                                      │
│                                      ││                                      │
│                                      ││                                      │
│  Enter to continue • Esc to cancel   ││                                      │
│                                      │╰──────────────────────────────────────╯
╰──────────────────────────────────────╯                                        
╭──────────────────────────────────────╮                                        
│                                      │                                        
│  👩‍⚕️ Doctinator                       │                                        
│                                      │                                        
│    Checking...                       │                                        
│                                      │                                        
│                                      │                                        
╰──────────────────────────────────────╯                                        
                                                                          Exit  [2K[?2004l[?25h[?1002l[?1003l[?1006l