[?25l[?2004h  █  ▐▛▀▚▖▝▚▄▄▖    ▐▌  ▐▌         ▐▛▀▚▖█ █   █        ▐▌  ▀▄▄▄▀ █    ┏━┓┏━╸╺┳╸╻ 
  █  ▐▌ ▐▌         ▐▌  ▐▌         ▐▌ ▐▌█              ▐▌             ┗━┓┣╸  ┃ ┃ 
                                                      ▐▌             ┗━┛┗━╸ ╹ ┗━
╭──────────────────────────────────────╮╭──────────────────────────────────────╮
│                                      ││                                      │
│  👤 Add Account: test-acc            ││  Status                              │
│                                      ││                                      │
│                                      ││  No recent activity                  │
│  Select Authentication Type          ││                                      │
│                                      ││                                      │
│    API Key (Manual)                  ││                                      │
│    Google OAuth (Interactive)        ││                                      │
│                                      ││                                      │
│                                      ││                                      │
╰──────────────────────────────────────╯│                                      │
╭──────────────────────────────────────╮│                                      │
│                                      ││                                      │
│  👩‍⚕️ Doctinator                       ││                                      │
│                                      ││                                      │
│    ○ Gemini CLI (checking...)        ││                                      │
│                                      │╰──────────────────────────────────────╯
│                                      │                                        
╰──────────────────────────────────────╯                                        
                                                                          Exit  [2K[?2004l[?25h[?1002l[?1003l[?1006l