[?25l[?2004h│  ╭─────────────────╮                 ││                                      │
│  │ Add Account (a) │                 ││                                      │
│  ╰─────────────────╯ ╭────────────╮  ││                                      │
│  │ Delete (d) │                      ││                                      │
│  ╰────────────╯ ╭────────────╮       ││                                      │
│  │ Rename (r) │                      ││                                      │
│  ╰────────────╯                      ││                                      │
│                                      ││                                      │
│  ╭──────╮                            ││                                      │
│  │ Back │                            ││                                      │
│  ╰──────╯                            │╰──────────────────────────────────────╯
│                                      │                                        
╰──────────────────────────────────────╯                                        
╭──────────────────────────────────────╮                                        
│                                      │                                        
│  👩‍⚕️ Doctinator                       │                                        
│                                      │                                        
│    ○ Gemini CLI (checking...)        │                                        
│                                      │                                        
│                                      │                                        
╰──────────────────────────────────────╯                                        
                                                                        ╭──────╮
                                                                        │ Exit │
                                                                        ╰──────╯[2K[?2004l[?25h[?1002l[?1003l[?1006l