[?25l[?2004h                                                                                
                                                                                
                                                                                
                                                                                
                   ╔════════════════════════════════════════╗                   
                   ║                                        ║                   
                   ║         🔍 Validating Account          ║                   
                   ║                                        ║                   
                   ║              test-account              ║                   
                   ║                                        ║                   
                   ║             Quota results:             ║                   
                   ║            Gemini Flash: 75%           ║                   
                   ║            Gemini Pro:   90%           ║                   
                   ║                                        ║                   
                   ║          ✓ Account validated           ║                   
                   ║                                        ║                   
                   ║        Press Enter to continue         ║                   
                   ║                                        ║                   
                   ╚════════════════════════════════════════╝                   
                                                                                
                                                                                
                                                                                
                                                                                
                                                                                [2K[?2004l[?25h[?1002l[?1003l[?1006l