[?25l[?2004h│                                      ││                                      │
│  GEMINI_CLI_HOME=/Users/bryantinsle  ││                                      │
│  y/.machinator/accounts/test-acc     ││                                      │
│  GEMINI_FORCE_FILE_STORAGE=true      ││                                      │
│  gemini                              │╰──────────────────────────────────────╯
│                                      │                                        
│  ╭──────────────────────╮            │                                        
│  │ [a] Authenticate Now │            │                                        
│  ╰──────────────────────╯  ╭──────╮  │                                        
│  │ Done │                            │                                        
│  ╰──────╯                            │                                        
│                                      │                                        
╰──────────────────────────────────────╯                                        
╭──────────────────────────────────────╮                                        
│                                      │                                        
│  👩‍⚕️ Doctinator                       │                                        
│                                      │                                        
│    ○ Gemini CLI (checking...)        │                                        
│                                      │                                        
│                                      │                                        
╰──────────────────────────────────────╯                                        
                                                                        ╭──────╮
                                                                        │ Exit │
                                                                        ╰──────╯[2K[?2004l[?25h[?1002l[?1003l[?1006l