[?25l[?2004h  █  ▐▌   ▐▛▀▀▘    ▐▛▚▞▜▌▝▚▄▟▌▝▚▄▖▐▌   ▄ █   █ ▝▚▄▟▌▗▄▟▙▄▖█   █ █               
  █  ▐▛▀▚▖▝▚▄▄▖    ▐▌  ▐▌         ▐▛▀▚▖█ █   █        ▐▌  ▀▄▄▄▀ █    ┏━┓┏━╸╺┳╸╻ 
  █  ▐▌ ▐▌         ▐▌  ▐▌         ▐▌ ▐▌█              ▐▌             ┗━┓┣╸  ┃ ┃ 
                                                      ▐▌             ┗━┛┗━╸ ╹ ┗━
╭──────────────────────────────────────╮╭──────────────────────────────────────╮
│                                      ││                                      │
│  📁 Project Settings                 ││  Status                              │
│                                      ││                                      │
│  ▸ #1) Project 1                     ││  No recent activity                  │
│    #2) Project 2                     ││                                      │
│                                      ││                                      │
│    Add Project                       ││                                      │
│                                      ││                                      │
╰──────────────────────────────────────╯│                                      │
╭──────────────────────────────────────╮│                                      │
│                                      ││                                      │
│  👩‍⚕️ Doctinator                       ││                                      │
│                                      ││                                      │
│    Checking...                       ││                                      │
│                 ○ No beads           ││                                      │
│                                      ││                                      │
│                                      │╰──────────────────────────────────────╯
╰──────────────────────────────────────╯                                        
                                                                          Exit  [2K[?2004l[?25h[?1002l[?1003l[?1006l