[?25l[?2004h                                                                                
                                                                                
                                                                                
                                                                                
                                                                                
                                                                                
                      ╔══════════════════════════════════╗                      
                      ║                                  ║                      
                      ║          Delete Project?         ║                      
                      ║                                  ║                      
                      ║           Test Project           ║                      
                      ║                                  ║                      
                      ║   This will permanently delete   ║                      
                      ║   all agents and project data.   ║                      
                      ║                                  ║                      
                      ║           Yes        No          ║                      
                      ║                                  ║                      
                      ╚══════════════════════════════════╝                      
                                                                                
                                                                                
                                                                                
                                                                                
                                                                                
                                                                                [2K[?2004l[?25h[?1002l[?1003l[?1006l