[?25l[?2004h│                                      ││                                      │
│  🌿 Select Branch                    ││  Status                              │
│                                      ││                                      │
│  https://github.com/test/repo        ││  No recent activity                  │
│                                      ││                                      │
│                                      ││                                      │
│  Branch                              ││                                      │
│  ╭────────────────────╮              ││                                      │
│  │ Branch: main ▼     │              ││                                      │
│  ╰────────────────────╯              ││                                      │
│                                      ││                                      │
│  Up/Down to select • Enter to        ││                                      │
│  continue                            ││                                      │
│                                      ││                                      │
╰──────────────────────────────────────╯│                                      │
╭──────────────────────────────────────╮│                                      │
│                                      │╰──────────────────────────────────────╯
│  👩‍⚕️ Doctinator                       │                                        
│                                      │                                        
│    Checking...                       │                                        
│                                      │                                        
│                                      │                                        
╰──────────────────────────────────────╯                                        
                                                                          Exit  [2K[?2004l[?25h[?1002l[?1003l[?1006l