[?25l[?2004h│                                      ││                                      │
│                                      ││                                      │
│  Create directory and install        ││                                      │
│  custom Gemini CLI?                  ││                                      │
│                                      ││                                      │
│                                      ││                                      │
│  ╭─────╮                             ││                                      │
│  │ Yes │                             ││                                      │
│  ╰─────╯  ╭────╮                     ││                                      │
│  │ No │                              ││                                      │
│  ╰────╯                              ││                                      │
│                                      │╰──────────────────────────────────────╯
╰──────────────────────────────────────╯                                        
╭──────────────────────────────────────╮                                        
│                                      │                                        
│  👩‍⚕️ Doctinator                       │                                        
│                                      │                                        
│    ○ Gemini CLI (checking...)        │                                        
│                                      │                                        
│                                      │                                        
╰──────────────────────────────────────╯                                        
                                                                        ╭──────╮
                                                                        │ Exit │
                                                                        ╰──────╯[2K[?2004l[?25h[?1002l[?1003l[?1006l