                                                                                    
▗▄▄▄▖▐▌   ▗▞▀▚▖    ▗▖  ▗▖▗▞▀▜▌▗▞▀▘▐▌   ▄ ▄▄▄▄  ▗▞▀▜▌   ■   ▄▄▄   ▄▄▄                
  █  ▐▌   ▐▛▀▀▘    ▐▛▚▞▜▌▝▚▄▟▌▝▚▄▖▐▌   ▄ █   █ ▝▚▄▟▌▗▄▟▙▄▖█   █ █                   
  █  ▐▛▀▚▖▝▚▄▄▖    ▐▌  ▐▌         ▐▛▀▚▖█ █   █        ▐▌  ▀▄▄▄▀ █    ┏━┓┏━╸╺┳╸╻ ╻┏━┓
  █  ▐▌ ▐▌         ▐▌  ▐▌         ▐▌ ▐▌█              ▐▌             ┗━┓┣╸  ┃ ┃ ┃┣━┛
                                                      ▐▌             ┗━┛┗━╸ ╹ ┗━┛╹  
╭──────────────────────────────────────╮╭──────────────────────────────────────╮    
│                                      ││                                      │    
│  📁 Project Settings                 ││  Status                              │    
│                                      ││                                      │    
│    No projects configured            ││  No recent activity                  │    
│                                      ││                                      │    
│    Add Project                       ││                                      │    
│                                      ││                                      │    
│    Manage Accounts                   ││                                      │    
│                                      ││                                      │    
╰──────────────────────────────────────╯│                                      │    
╭──────────────────────────────────────╮│                                      │    
│                                      ││                                      │    
│  👩‍⚕️ Doctinator                       ││                                      │    
│                                      ││                                      │    
│    Checking...                       ││                                      │    
│                                      ││                                      │    
│                                      │╰──────────────────────────────────────╯    
╰──────────────────────────────────────╯                                            
                                                                          Exit      